// Vitest Snapshot v1, https://vitest.dev/guide/snapshot.html

exports[`snapshot > snapshot array 1`] = `
[
  1,
  2,
  3,
]
`;

exports[`snapshot > snapshot component 1`] = `"<div id="hi">hi how are you</div>"`;

exports[`snapshot > snapshot object  1`] = `
{
  "a": 1,
  "b": 2,
  "c": 3,
}
`;
